spv.main.importExport.frag
Shader version: 460
gl_FragCoord origin is upper left
0:? Sequence
0:7  Function Definition: bar(vf3; ( global highp int)
0:7    Function Parameters: 
0:7      'v' ( in highp 3-component vector of float)
0:9    Sequence
0:9      Branch: Return with expression
0:9        Convert float to int ( temp int)
0:9          add ( temp highp float)
0:9            add ( temp highp float)
0:9              direct index ( temp highp float)
0:9                'v' ( in highp 3-component vector of float)
0:9                Constant:
0:9                  0 (const int)
0:9              direct index ( temp highp float)
0:9                'v' ( in highp 3-component vector of float)
0:9                Constant:
0:9                  1 (const int)
0:9            direct index ( temp highp float)
0:9              'v' ( in highp 3-component vector of float)
0:9              Constant:
0:9                2 (const int)
0:16  Function Definition: main( ( global void)
0:16    Function Parameters: 
0:18    Sequence
0:18      Sequence
0:18        move second child to first child ( temp highp 3-component vector of float)
0:18          'v' ( temp highp 3-component vector of float)
0:18          Constant:
0:18            0.000000
0:18            1.000000
0:18            2.000000
0:19      Function Call: bar(vf3;i1; ( global void)
0:19        'v' ( temp highp 3-component vector of float)
0:19        Constant:
0:19          -1 (const int)
0:20      Sequence
0:20        move second child to first child ( temp highp int)
0:20          'n' ( temp highp int)
0:20          Function Call: bar(vf3; ( global highp int)
0:20            'v' ( temp highp 3-component vector of float)
0:21      Sequence
0:21        move second child to first child ( temp highp float)
0:21          'x' ( temp highp float)
0:21          Function Call: foo(f1;f1; ( global highp float)
0:21            Constant:
0:21              1.000000
0:21            Constant:
0:21              2.000000
0:22      Sequence
0:22        move second child to first child ( temp highp float)
0:22          'y' ( temp highp float)
0:22          Function Call: foo(i1;f1; ( global highp float)
0:22            'n' ( temp highp int)
0:22            Constant:
0:22              2.000000
0:23      move second child to first child ( temp highp float)
0:23        'cout' ( out highp float)
0:23        add ( temp highp float)
0:23          'x' ( temp highp float)
0:23          'y' ( temp highp float)
0:26  Function Definition: foo(f1;f1; ( global highp float)
0:26    Function Parameters: 
0:26      'a' ( in highp float)
0:26      'b' ( in highp float)
0:28    Sequence
0:28      Branch: Return with expression
0:28        add ( temp highp float)
0:28          'a' ( in highp float)
0:28          'b' ( in highp float)
0:?   Linker Objects
0:?     Linker Function: foo(f1;f1; ( global highp float)
0:?       Function Parameters: 
0:?         '' ( in highp float)
0:?         '' ( in highp float)
0:?     Linker Function: bar(vf3;i1; ( global void)
0:?       Function Parameters: 
0:?         '' ( inout highp 3-component vector of float)
0:?         '' ( in highp int)
0:?     Linker Function: bar(vf3; ( global highp int)
0:?       Function Parameters: 
0:?         '' ( in highp 3-component vector of float)
0:?     Linker Function: foo(i1;f1; ( global highp float)
0:?       Function Parameters: 
0:?         '' ( in highp int)
0:?         '' ( in highp float)
0:?     'cout' ( out highp float)

Validation failed
// Module Version 10000
// Generated by (magic number): 80008
// Id's are bound by 78

                              Capability Shader
                              Capability Linkage
               1:             ExtInstImport  "GLSL.std.450"
                              MemoryModel Logical GLSL450
                              EntryPoint Fragment 4  "main" 69
                              ExecutionMode 4 OriginUpperLeft
                              Source GLSL 460
                              Name 4  "main"
                              Name 12  "bar(vf3;"
                              Name 11  "v"
                              Name 18  "foo(f1;f1;"
                              Name 16  "a"
                              Name 17  "b"
                              Name 24  "bar(vf3;i1;"
                              Name 28  "foo(i1;f1;"
                              Name 44  "v"
                              Name 50  "param"
                              Name 52  "param"
                              Name 55  "n"
                              Name 56  "param"
                              Name 59  "x"
                              Name 60  "param"
                              Name 61  "param"
                              Name 63  "y"
                              Name 64  "param"
                              Name 66  "param"
                              Name 69  "cout"
                              Decorate 18(foo(f1;f1;) Linkage Attributes 678391654 1715155302 15153 0
                              Decorate 24(bar(vf3;i1;) Linkage Attributes 678584674 993224310 3879273 1
                              Decorate 12(bar(vf3;) Linkage Attributes 678584674 993224310 0 0
                              Decorate 28(foo(i1;f1;) Linkage Attributes 678391654 1715155305 15153 1
               2:             TypeVoid
               3:             TypeFunction 2
               6:             TypeFloat 32
               7:             TypeVector 6(float) 3
               8:             TypePointer Function 7(fvec3)
               9:             TypeInt 32 1
              10:             TypeFunction 9(int) 8(ptr)
              14:             TypePointer Function 6(float)
              15:             TypeFunction 6(float) 14(ptr) 14(ptr)
              20:             TypePointer Function 9(int)
              21:             TypeFunction 2 8(ptr) 20(ptr)
              25:             TypeFunction 6(float) 20(ptr) 14(ptr)
              29:             TypeInt 32 0
              30:     29(int) Constant 0
              33:     29(int) Constant 1
              37:     29(int) Constant 2
              45:    6(float) Constant 0
              46:    6(float) Constant 1065353216
              47:    6(float) Constant 1073741824
              48:    7(fvec3) ConstantComposite 45 46 47
              49:      9(int) Constant 4294967295
              68:             TypePointer Output 6(float)
        69(cout):     68(ptr) Variable Output
         4(main):           2 Function None 3
               5:             Label
           44(v):      8(ptr) Variable Function
       50(param):      8(ptr) Variable Function
       52(param):     20(ptr) Variable Function
           55(n):     20(ptr) Variable Function
       56(param):      8(ptr) Variable Function
           59(x):     14(ptr) Variable Function
       60(param):     14(ptr) Variable Function
       61(param):     14(ptr) Variable Function
           63(y):     14(ptr) Variable Function
       64(param):     20(ptr) Variable Function
       66(param):     14(ptr) Variable Function
                              Store 44(v) 48
              51:    7(fvec3) Load 44(v)
                              Store 50(param) 51
                              Store 52(param) 49
              53:           2 FunctionCall 24(bar(vf3;i1;) 50(param) 52(param)
              54:    7(fvec3) Load 50(param)
                              Store 44(v) 54
              57:    7(fvec3) Load 44(v)
                              Store 56(param) 57
              58:      9(int) FunctionCall 12(bar(vf3;) 56(param)
                              Store 55(n) 58
                              Store 60(param) 46
                              Store 61(param) 47
              62:    6(float) FunctionCall 18(foo(f1;f1;) 60(param) 61(param)
                              Store 59(x) 62
              65:      9(int) Load 55(n)
                              Store 64(param) 65
                              Store 66(param) 47
              67:    6(float) FunctionCall 28(foo(i1;f1;) 64(param) 66(param)
                              Store 63(y) 67
              70:    6(float) Load 59(x)
              71:    6(float) Load 63(y)
              72:    6(float) FAdd 70 71
                              Store 69(cout) 72
                              Return
                              FunctionEnd
    12(bar(vf3;):      9(int) Function None 10
           11(v):      8(ptr) FunctionParameter
              13:             Label
              31:     14(ptr) AccessChain 11(v) 30
              32:    6(float) Load 31
              34:     14(ptr) AccessChain 11(v) 33
              35:    6(float) Load 34
              36:    6(float) FAdd 32 35
              38:     14(ptr) AccessChain 11(v) 37
              39:    6(float) Load 38
              40:    6(float) FAdd 36 39
              41:      9(int) ConvertFToS 40
                              ReturnValue 41
                              FunctionEnd
  18(foo(f1;f1;):    6(float) Function None 15
           16(a):     14(ptr) FunctionParameter
           17(b):     14(ptr) FunctionParameter
              19:             Label
              73:    6(float) Load 16(a)
              74:    6(float) Load 17(b)
              75:    6(float) FAdd 73 74
                              ReturnValue 75
                              FunctionEnd
 24(bar(vf3;i1;):           2 Function None 21
              22:      8(ptr) FunctionParameter
              23:     20(ptr) FunctionParameter
                              FunctionEnd
  28(foo(i1;f1;):    6(float) Function None 25
              26:     20(ptr) FunctionParameter
              27:     14(ptr) FunctionParameter
                              FunctionEnd
